  ▲ Next.js 14.2.35
  - Local:        http://localhost:3000
  - Environments: .env

 ✓ Starting...
 ✓ Ready in 3.3s
 ○ Compiling / ...
 ✓ Compiled / in 27.8s (5650 modules)
 GET / 200 in 29226ms
 ✓ Compiled in 1906ms (2817 modules)
 ○ Compiling /favicon.ico ...
 ✓ Compiled /favicon.ico in 3.8s (2865 modules)
 GET /favicon.ico 200 in 4196ms
 GET / 200 in 361ms
 ⚠ Cross origin request detected from 49.51.188.210 to /_next/* resource. In a future major version of Next.js, you will need to explicitly configure "allowedDevOrigins" in next.config to allow this.
Read more: https://nextjs.org/docs/app/api-reference/config/next-config-js/allowedDevOrigins
 ○ Compiling /api/posts ...
 ✓ Compiled /api/posts in 1669ms (2899 modules)
 ✓ Compiled (2903 modules)
 GET /favicon.ico 200 in 2461ms
 POST /api/visitor 200 in 2517ms
 POST /api/visitor 200 in 2506ms
 GET /api/posts 200 in 2513ms
 GET /api/messages 200 in 2540ms
 GET /api/messages 200 in 2188ms
 GET /api/posts 200 in 14ms
 ○ Compiling /api/reactions ...
 ✓ Compiled /api/reactions in 844ms (2905 modules)
 GET /api/reactions?targetType=post&targetIds=1778034297920,1776820042297,1776586046584 200 in 1029ms
 GET /api/reactions?targetType=message&targetIds=1778218948039,1778065321717,1778033737288,1777987996064,1777715802488,1777715709812,1776860253910,1776773118720,1776755508026,1776697342908,1776697200391,1776687734644,1776611700945,1776591668915 200 in 1107ms
 GET /api/reactions?targetType=post&targetIds=1778034297920,1776820042297,1776586046584 200 in 22ms
 GET /api/reactions?targetType=message&targetIds=1778218948039,1778065321717,1778033737288,1777987996064,1777715802488,1777715709812,1776860253910,1776773118720,1776755508026,1776697342908,1776697200391,1776687734644,1776611700945,1776591668915 200 in 22ms
 GET /api/reactions?targetType=message&targetIds=1778218948039,1778065321717,1778033737288,1777987996064,1777715802488,1777715709812,1776860253910,1776773118720,1776755508026,1776697342908,1776697200391,1776687734644,1776611700945,1776591668915 200 in 14ms
 GET /api/reactions?targetType=message&targetIds=1778218948039,1778065321717,1778033737288,1777987996064,1777715802488,1777715709812,1776860253910,1776773118720,1776755508026,1776697342908,1776697200391,1776687734644,1776611700945,1776591668915 200 in 11ms
 ○ Compiling /api/danmaku ...
 ✓ Compiled /api/danmaku in 2.3s (2870 modules)
 GET /api/danmaku 200 in 2509ms
 ○ Compiling /api/posts/[id] ...
 ✓ Compiled /api/posts/[id] in 597ms (2872 modules)
 GET /api/posts/1776820042297 200 in 1521ms
 GET /api/posts/1776586046584 200 in 52ms
  ▲ Next.js 14.2.35
  - Local:        http://localhost:3000
  - Environments: .env

 ✓ Starting...
[?25h

> my-app@0.1.0 dev
> next dev

  ▲ Next.js 14.2.35
  - Local:        http://localhost:3000
  - Environments: .env

 ✓ Starting...
 ✓ Ready in 2.9s
[?25h

> my-app@0.1.0 dev
> next dev

  ▲ Next.js 14.2.35
  - Local:        http://localhost:3000
  - Environments: .env

 ✓ Starting...
 ✓ Ready in 2.6s
 ○ Compiling / ...
 ✓ Compiled / in 27.8s (5650 modules)
 GET / 200 in 28988ms
 ✓ Compiled in 1637ms (2817 modules)
 GET / 200 in 72ms
 ○ Compiling /api/posts ...
 ✓ Compiled /api/visitor in 1950ms (2869 modules)
 ✓ Compiled (2874 modules)
 GET /api/messages 200 in 888ms
 GET /api/messages 200 in 2206ms
 GET /api/posts 200 in 2835ms
 GET /api/posts 200 in 2127ms
 POST /api/visitor 200 in 902ms
 POST /api/visitor 200 in 1700ms
 ⚠ Cross origin request detected from 49.51.188.210 to /_next/* resource. In a future major version of Next.js, you will need to explicitly configure "allowedDevOrigins" in next.config to allow this.
Read more: https://nextjs.org/docs/app/api-reference/config/next-config-js/allowedDevOrigins
 ○ Compiling /api/reactions ...
 ✓ Compiled /api/reactions in 571ms (2876 modules)
 GET /api/reactions?targetType=message&targetIds=1778218948039,1778065321717,1778033737288,1777987996064,1777715802488,1777715709812,1776860253910,1776773118720,1776755508026,1776697342908,1776697200391,1776687734644,1776611700945,1776591668915 200 in 678ms
 GET /api/reactions?targetType=post&targetIds=1778034297920,1776820042297,1776586046584 200 in 99ms
 GET /api/reactions?targetType=post&targetIds=1778034297920,1776820042297,1776586046584 200 in 26ms
 GET /api/reactions?targetType=message&targetIds=1778218948039,1778065321717,1778033737288,1777987996064,1777715802488,1777715709812,1776860253910,1776773118720,1776755508026,1776697342908,1776697200391,1776687734644,1776611700945,1776591668915 200 in 14ms
 GET /api/reactions?targetType=message&targetIds=1778218948039,1778065321717,1778033737288,1777987996064,1777715802488,1777715709812,1776860253910,1776773118720,1776755508026,1776697342908,1776697200391,1776687734644,1776611700945,1776591668915 200 in 13ms
 ✓ Compiled /api/uploads/[filename] in 469ms (2878 modules)
 GET /api/uploads/1778033724491-3rjahg3i0mf.gif 200 in 1092ms
 GET /api/uploads/1776611690423-wk451ce82bh.png 200 in 1278ms
 GET /api/uploads/1778065318385-h5wzovh62hm.png 200 in 2084ms
 GET /api/uploads/1776773116503-s9971m4oyq.png 200 in 2664ms
 GET /api/uploads/1776611690423-wk451ce82bh.png 200 in 4003ms
 GET /api/uploads/1778033724491-3rjahg3i0mf.gif 200 in 17ms
 GET /api/uploads/1776773116503-s9971m4oyq.png 200 in 700ms
 GET /api/uploads/1778065318385-h5wzovh62hm.png 200 in 10975ms
 GET /api/uploads/1776586036849-5em2ymyt5lb.png 200 in 1688ms
 GET /api/uploads/1776586036849-5em2ymyt5lb.png 200 in 2492ms
 ○ Compiling /api/posts/[id] ...
 ✓ Compiled /api/posts/[id] in 540ms (2880 modules)
 GET /api/posts/1776820042297 200 in 1169ms
 GET / 200 in 404ms
 GET /api/messages 200 in 56ms
 GET /api/posts 200 in 79ms
 GET /api/messages 200 in 72ms
 GET /api/posts 200 in 59ms
 POST /api/visitor 200 in 94ms
 POST /api/visitor 200 in 78ms
 GET /api/reactions?targetType=message&targetIds=1778218948039,1778065321717,1778033737288,1777987996064,1777715802488,1777715709812,1776860253910,1776773118720,1776755508026,1776697342908,1776697200391,1776687734644,1776611700945,1776591668915 200 in 20ms
 GET /api/reactions?targetType=post&targetIds=1778034297920,1776820042297,1776586046584 200 in 20ms
 GET /api/reactions?targetType=post&targetIds=1778034297920,1776820042297,1776586046584 200 in 14ms
 GET /api/reactions?targetType=message&targetIds=1778218948039,1778065321717,1778033737288,1777987996064,1777715802488,1777715709812,1776860253910,1776773118720,1776755508026,1776697342908,1776697200391,1776687734644,1776611700945,1776591668915 200 in 10ms
 GET / 200 in 800ms
Error: Failed to find Server Action "x". This request might be from an older or newer deployment. 
    at rC (/root/shudong/my-app/node_modules/next/dist/compiled/next-server/app-page.runtime.dev.js:40:1694)
    at rk (/root/shudong/my-app/node_modules/next/dist/compiled/next-server/app-page.runtime.dev.js:38:6522)
    at ne (/root/shudong/my-app/node_modules/next/dist/compiled/next-server/app-page.runtime.dev.js:42:1262)
    at /root/shudong/my-app/node_modules/next/dist/compiled/next-server/app-page.runtime.dev.js:43:726
    at AsyncLocalStorage.run (node:async_hooks:338:14)
    at Object.wrap (/root/shudong/my-app/node_modules/next/dist/compiled/next-server/app-page.runtime.dev.js:36:17827)
    at /root/shudong/my-app/node_modules/next/dist/compiled/next-server/app-page.runtime.dev.js:43:616
    at AsyncLocalStorage.run (node:async_hooks:338:14)
    at Object.wrap (/root/shudong/my-app/node_modules/next/dist/compiled/next-server/app-page.runtime.dev.js:36:16929)
    at nt (/root/shudong/my-app/node_modules/next/dist/compiled/next-server/app-page.runtime.dev.js:43:543)
    at nb.render (/root/shudong/my-app/node_modules/next/dist/compiled/next-server/app-page.runtime.dev.js:43:4699)
    at doRender (/root/shudong/my-app/node_modules/next/dist/server/base-server.js:1427:44)
    at cacheEntry.responseCache.get.routeKind (/root/shudong/my-app/node_modules/next/dist/server/base-server.js:1588:34)
    at ResponseCache.get (/root/shudong/my-app/node_modules/next/dist/server/response-cache/index.js:49:26)
    at DevServer.renderToResponseWithComponentsImpl (/root/shudong/my-app/node_modules/next/dist/server/base-server.js:1496:53)
 POST / 200 in 125ms
 ○ Compiling /_not-found ...
 ✓ Compiled /_not-found in 9.6s (5639 modules)
Error: Failed to find Server Action "x". This request might be from an older or newer deployment. 
    at rC (/root/shudong/my-app/node_modules/next/dist/compiled/next-server/app-page.runtime.dev.js:40:1694)
    at rk (/root/shudong/my-app/node_modules/next/dist/compiled/next-server/app-page.runtime.dev.js:38:6522)
    at ne (/root/shudong/my-app/node_modules/next/dist/compiled/next-server/app-page.runtime.dev.js:42:1262)
    at /root/shudong/my-app/node_modules/next/dist/compiled/next-server/app-page.runtime.dev.js:43:726
    at AsyncLocalStorage.run (node:async_hooks:338:14)
    at Object.wrap (/root/shudong/my-app/node_modules/next/dist/compiled/next-server/app-page.runtime.dev.js:36:17827)
    at /root/shudong/my-app/node_modules/next/dist/compiled/next-server/app-page.runtime.dev.js:43:616
    at AsyncLocalStorage.run (node:async_hooks:338:14)
    at Object.wrap (/root/shudong/my-app/node_modules/next/dist/compiled/next-server/app-page.runtime.dev.js:36:16929)
    at nt (/root/shudong/my-app/node_modules/next/dist/compiled/next-server/app-page.runtime.dev.js:43:543)
    at nb.render (/root/shudong/my-app/node_modules/next/dist/compiled/next-server/app-page.runtime.dev.js:43:4699)
    at doRender (/root/shudong/my-app/node_modules/next/dist/server/base-server.js:1427:44)
    at cacheEntry.responseCache.get.routeKind (/root/shudong/my-app/node_modules/next/dist/server/base-server.js:1588:34)
    at ResponseCache.get (/root/shudong/my-app/node_modules/next/dist/server/response-cache/index.js:49:26)
    at DevServer.renderToResponseWithComponentsImpl (/root/shudong/my-app/node_modules/next/dist/server/base-server.js:1496:53)
 POST /_next 404 in 10387ms
Error: Failed to find Server Action "x". This request might be from an older or newer deployment. 
    at rC (/root/shudong/my-app/node_modules/next/dist/compiled/next-server/app-page.runtime.dev.js:40:1694)
    at rk (/root/shudong/my-app/node_modules/next/dist/compiled/next-server/app-page.runtime.dev.js:38:6522)
    at ne (/root/shudong/my-app/node_modules/next/dist/compiled/next-server/app-page.runtime.dev.js:42:1262)
    at /root/shudong/my-app/node_modules/next/dist/compiled/next-server/app-page.runtime.dev.js:43:726
    at AsyncLocalStorage.run (node:async_hooks:338:14)
    at Object.wrap (/root/shudong/my-app/node_modules/next/dist/compiled/next-server/app-page.runtime.dev.js:36:17827)
    at /root/shudong/my-app/node_modules/next/dist/compiled/next-server/app-page.runtime.dev.js:43:616
    at AsyncLocalStorage.run (node:async_hooks:338:14)
    at Object.wrap (/root/shudong/my-app/node_modules/next/dist/compiled/next-server/app-page.runtime.dev.js:36:16929)
    at nt (/root/shudong/my-app/node_modules/next/dist/compiled/next-server/app-page.runtime.dev.js:43:543)
    at nb.render (/root/shudong/my-app/node_modules/next/dist/compiled/next-server/app-page.runtime.dev.js:43:4699)
    at doRender (/root/shudong/my-app/node_modules/next/dist/server/base-server.js:1427:44)
    at cacheEntry.responseCache.get.routeKind (/root/shudong/my-app/node_modules/next/dist/server/base-server.js:1588:34)
    at ResponseCache.get (/root/shudong/my-app/node_modules/next/dist/server/response-cache/index.js:49:26)
    at DevServer.renderToResponseWithComponentsImpl (/root/shudong/my-app/node_modules/next/dist/server/base-server.js:1496:53)
 POST /api 404 in 20ms
Error: Failed to find Server Action "x". This request might be from an older or newer deployment. 
    at rC (/root/shudong/my-app/node_modules/next/dist/compiled/next-server/app-page.runtime.dev.js:40:1694)
    at rk (/root/shudong/my-app/node_modules/next/dist/compiled/next-server/app-page.runtime.dev.js:38:6522)
    at ne (/root/shudong/my-app/node_modules/next/dist/compiled/next-server/app-page.runtime.dev.js:42:1262)
    at /root/shudong/my-app/node_modules/next/dist/compiled/next-server/app-page.runtime.dev.js:43:726
    at AsyncLocalStorage.run (node:async_hooks:338:14)
    at Object.wrap (/root/shudong/my-app/node_modules/next/dist/compiled/next-server/app-page.runtime.dev.js:36:17827)
    at /root/shudong/my-app/node_modules/next/dist/compiled/next-server/app-page.runtime.dev.js:43:616
    at AsyncLocalStorage.run (node:async_hooks:338:14)
    at Object.wrap (/root/shudong/my-app/node_modules/next/dist/compiled/next-server/app-page.runtime.dev.js:36:16929)
    at nt (/root/shudong/my-app/node_modules/next/dist/compiled/next-server/app-page.runtime.dev.js:43:543)
    at nb.render (/root/shudong/my-app/node_modules/next/dist/compiled/next-server/app-page.runtime.dev.js:43:4699)
    at doRender (/root/shudong/my-app/node_modules/next/dist/server/base-server.js:1427:44)
    at cacheEntry.responseCache.get.routeKind (/root/shudong/my-app/node_modules/next/dist/server/base-server.js:1588:34)
    at ResponseCache.get (/root/shudong/my-app/node_modules/next/dist/server/response-cache/index.js:49:26)
    at DevServer.renderToResponseWithComponentsImpl (/root/shudong/my-app/node_modules/next/dist/server/base-server.js:1496:53)
 POST /_next/server 404 in 18ms
Error: Failed to find Server Action "x". This request might be from an older or newer deployment. 
    at rC (/root/shudong/my-app/node_modules/next/dist/compiled/next-server/app-page.runtime.dev.js:40:1694)
    at rk (/root/shudong/my-app/node_modules/next/dist/compiled/next-server/app-page.runtime.dev.js:38:6522)
    at ne (/root/shudong/my-app/node_modules/next/dist/compiled/next-server/app-page.runtime.dev.js:42:1262)
    at /root/shudong/my-app/node_modules/next/dist/compiled/next-server/app-page.runtime.dev.js:43:726
    at AsyncLocalStorage.run (node:async_hooks:338:14)
    at Object.wrap (/root/shudong/my-app/node_modules/next/dist/compiled/next-server/app-page.runtime.dev.js:36:17827)
    at /root/shudong/my-app/node_modules/next/dist/compiled/next-server/app-page.runtime.dev.js:43:616
    at AsyncLocalStorage.run (node:async_hooks:338:14)
    at Object.wrap (/root/shudong/my-app/node_modules/next/dist/compiled/next-server/app-page.runtime.dev.js:36:16929)
    at nt (/root/shudong/my-app/node_modules/next/dist/compiled/next-server/app-page.runtime.dev.js:43:543)
    at nb.render (/root/shudong/my-app/node_modules/next/dist/compiled/next-server/app-page.runtime.dev.js:43:4699)
    at doRender (/root/shudong/my-app/node_modules/next/dist/server/base-server.js:1427:44)
    at cacheEntry.responseCache.get.routeKind (/root/shudong/my-app/node_modules/next/dist/server/base-server.js:1588:34)
    at ResponseCache.get (/root/shudong/my-app/node_modules/next/dist/server/response-cache/index.js:49:26)
    at DevServer.renderToResponseWithComponentsImpl (/root/shudong/my-app/node_modules/next/dist/server/base-server.js:1496:53)
 POST /app 404 in 16ms
Error: Failed to find Server Action "x". This request might be from an older or newer deployment. 
    at rC (/root/shudong/my-app/node_modules/next/dist/compiled/next-server/app-page.runtime.dev.js:40:1694)
    at rk (/root/shudong/my-app/node_modules/next/dist/compiled/next-server/app-page.runtime.dev.js:38:6522)
    at ne (/root/shudong/my-app/node_modules/next/dist/compiled/next-server/app-page.runtime.dev.js:42:1262)
    at /root/shudong/my-app/node_modules/next/dist/compiled/next-server/app-page.runtime.dev.js:43:726
    at AsyncLocalStorage.run (node:async_hooks:338:14)
    at Object.wrap (/root/shudong/my-app/node_modules/next/dist/compiled/next-server/app-page.runtime.dev.js:36:17827)
    at /root/shudong/my-app/node_modules/next/dist/compiled/next-server/app-page.runtime.dev.js:43:616
    at AsyncLocalStorage.run (node:async_hooks:338:14)
    at Object.wrap (/root/shudong/my-app/node_modules/next/dist/compiled/next-server/app-page.runtime.dev.js:36:16929)
    at nt (/root/shudong/my-app/node_modules/next/dist/compiled/next-server/app-page.runtime.dev.js:43:543)
    at nb.render (/root/shudong/my-app/node_modules/next/dist/compiled/next-server/app-page.runtime.dev.js:43:4699)
    at doRender (/root/shudong/my-app/node_modules/next/dist/server/base-server.js:1427:44)
    at cacheEntry.responseCache.get.routeKind (/root/shudong/my-app/node_modules/next/dist/server/base-server.js:1588:34)
    at ResponseCache.get (/root/shudong/my-app/node_modules/next/dist/server/response-cache/index.js:49:26)
    at DevServer.renderToResponseWithComponentsImpl (/root/shudong/my-app/node_modules/next/dist/server/base-server.js:1496:53)
 POST /api/route 404 in 23ms
 GET / 200 in 286ms
Error: Failed to find Server Action "x". This request might be from an older or newer deployment. 
    at rC (/root/shudong/my-app/node_modules/next/dist/compiled/next-server/app-page.runtime.dev.js:40:1694)
    at rk (/root/shudong/my-app/node_modules/next/dist/compiled/next-server/app-page.runtime.dev.js:38:6522)
    at ne (/root/shudong/my-app/node_modules/next/dist/compiled/next-server/app-page.runtime.dev.js:42:1262)
    at /root/shudong/my-app/node_modules/next/dist/compiled/next-server/app-page.runtime.dev.js:43:726
    at AsyncLocalStorage.run (node:async_hooks:338:14)
    at Object.wrap (/root/shudong/my-app/node_modules/next/dist/compiled/next-server/app-page.runtime.dev.js:36:17827)
    at /root/shudong/my-app/node_modules/next/dist/compiled/next-server/app-page.runtime.dev.js:43:616
    at AsyncLocalStorage.run (node:async_hooks:338:14)
    at Object.wrap (/root/shudong/my-app/node_modules/next/dist/compiled/next-server/app-page.runtime.dev.js:36:16929)
    at nt (/root/shudong/my-app/node_modules/next/dist/compiled/next-server/app-page.runtime.dev.js:43:543)
    at nb.render (/root/shudong/my-app/node_modules/next/dist/compiled/next-server/app-page.runtime.dev.js:43:4699)
    at doRender (/root/shudong/my-app/node_modules/next/dist/server/base-server.js:1427:44)
    at cacheEntry.responseCache.get.routeKind (/root/shudong/my-app/node_modules/next/dist/server/base-server.js:1588:34)
    at ResponseCache.get (/root/shudong/my-app/node_modules/next/dist/server/response-cache/index.js:49:26)
    at DevServer.renderToResponseWithComponentsImpl (/root/shudong/my-app/node_modules/next/dist/server/base-server.js:1496:53)
 POST /api/server-actions 404 in 24ms
 GET / 200 in 29ms
 GET / 200 in 45ms
 GET / 200 in 44ms
 GET / 200 in 30ms
 GET / 200 in 30ms
[?25h
